$> ls && ;
$> ls &&
$> cat < >
$> cat < .
